// Vitest Snapshot v1, https://vitest.dev/guide/snapshot.html

exports[`svgSpritesheet plugin (integration) > generates a spritesheet from fixture SVGs 1`] = `"<svg xmlns="http://www.w3.org/2000/svg"><symbol viewBox="0 0 128 128" fill="none" id="icon-a"><path d="M78.6589 15.667C72.0289 15.667 65.5491 17.6415 60.0457 21.3387C54.5423 25.0359 50.2646 30.2883 47.7581 36.4262C45.2516 42.5642 44.6298 49.3095 45.972 55.8021C47.3142 62.2949 50.5595 68.2408 55.2943 72.8818C56.5006 74.0643 57.3275 75.5792 57.6695 77.2335C58.0114 78.8878 57.8529 80.6064 57.2143 82.1703C56.5757 83.7342 55.4858 85.0726 54.0835 86.0146C52.6813 86.9566 51.0303 87.4596 49.3411 87.4596C47.6519 87.4596 46.0009 86.9566 44.5987 86.0146C43.1964 85.0726 42.1065 83.7342 41.4679 82.1703C40.8293 80.6064 40.6708 78.8878 41.0127 77.2335C41.3547 75.5792 42.1817 74.0643 43.3881 72.8818L25.9765 55.1185C21.2418 59.7595 17.9964 65.7053 16.6542 72.198C15.312 78.6908 15.9338 85.4362 18.4403 91.5741C20.9469 97.712 25.2245 102.964 30.7279 106.662C36.2313 110.359 42.7111 112.333 49.3411 112.333C55.9711 112.333 62.4509 110.359 67.9543 106.662C73.4577 102.964 77.7355 97.712 80.242 91.5741C82.7485 85.4362 83.3703 78.6908 82.0281 72.198C80.686 65.7054 77.4406 59.7595 72.7058 55.1185C71.4995 53.936 70.6725 52.421 70.3305 50.7667C69.9885 49.1124 70.147 47.3938 70.7857 45.8299C71.4243 44.266 72.5142 42.9278 73.9164 41.9858C75.3186 41.0438 76.9696 40.5406 78.6589 40.5406C80.3481 40.5406 81.9991 41.0438 83.4013 41.9858C84.8035 42.9278 85.8934 44.266 86.5321 45.8299C87.1707 47.3938 87.3292 49.1124 86.9872 50.7667C86.6452 52.421 85.8184 53.936 84.6121 55.1185L102.024 72.8818C106.758 68.2408 110.004 62.2949 111.346 55.8021C112.688 49.3095 112.066 42.5642 109.56 36.4262C107.053 30.2883 102.775 25.0359 97.272 21.3387C91.7686 17.6415 85.2889 15.667 78.6589 15.667Z" fill="#985DF7" style="fill:#985DF7;fill:color(display-p3 0.5961 0.3647 0.9686);fill-opacity:1;"></path></symbol><symbol viewBox="0 0 128 128" fill="none" id="icon-b"><path d="M10.6543 16.9379L117.346 16.9379L64 111.062L10.6543 16.9379ZM76.4743 40.753L51.5258 40.753L64.0002 62.7631L76.4743 40.753Z" fill="#F7C558" style="fill:#F7C558;fill:color(display-p3 0.9686 0.7712 0.3451);fill-opacity:1;"></path></symbol><symbol viewBox="0 0 128 128" fill="none" id="icon-c"><path d="M64.0001 38.541C58.9648 38.541 54.0424 40.0342 49.8558 42.8316C45.6691 45.629 42.4059 49.6052 40.479 54.2571C38.5521 58.9091 38.048 64.0281 39.0303 68.9666C40.0127 73.9052 42.4374 78.4415 45.9979 82.002C49.5584 85.5625 54.0947 87.9872 59.0332 88.9695C63.9717 89.9519 69.0907 89.4478 73.7427 87.5209C78.3947 85.5939 82.3708 82.3307 85.1683 78.1441C87.9657 73.9574 89.4589 69.0352 89.4589 63.9999H77.6475V43.1044H113.553V63.9999C113.553 73.8006 110.647 83.3812 105.202 91.5301C99.757 99.6791 92.0178 106.031 82.9632 109.781C73.9085 113.532 63.945 114.513 54.3327 112.601C44.7203 110.689 35.8907 105.969 28.9606 99.0393C22.0304 92.1092 17.311 83.2796 15.399 73.6672C13.487 64.0549 14.4682 54.0913 18.2187 45.0367C21.9693 35.9821 28.3208 28.2428 36.4697 22.7978C44.6187 17.3529 54.1994 14.4468 64.0001 14.4468V38.541Z" fill="#5ECB88" style="fill:#5ECB88;fill:color(display-p3 0.3686 0.7961 0.5333);fill-opacity:1;"></path></symbol><symbol viewBox="0 0 128 128" fill="none" id="icon-d"><path d="M116.394 52.0171L96.3811 114.761H31.6189L11.6064 52.0171L64.0001 13.2393L116.394 52.0171ZM42.3624 61.952L50.8233 88.478H77.1769L85.6375 61.9519L63.9999 45.9376L42.3624 61.952Z" fill="#58BAF7" style="fill:#58BAF7;fill:color(display-p3 0.3451 0.7294 0.9686);fill-opacity:1;"></path></symbol><symbol viewBox="0 0 128 128" fill="none" id="icon-nested-d"><path d="M116.394 52.0171L96.3811 114.761H31.6189L11.6064 52.0171L64.0001 13.2393L116.394 52.0171ZM42.3624 61.952L50.8233 88.478H77.1769L85.6375 61.9519L63.9999 45.9376L42.3624 61.952Z" fill="#58BAF7" style="fill:#58BAF7;fill:color(display-p3 0.3451 0.7294 0.9686);fill-opacity:1;"></path></symbol></svg>"`;

exports[`svgSpritesheet plugin (integration) > ignores patterns listed in exclude 1`] = `"<svg xmlns="http://www.w3.org/2000/svg"><symbol viewBox="0 0 128 128" fill="none" id="icon-a"><path d="M78.6589 15.667C72.0289 15.667 65.5491 17.6415 60.0457 21.3387C54.5423 25.0359 50.2646 30.2883 47.7581 36.4262C45.2516 42.5642 44.6298 49.3095 45.972 55.8021C47.3142 62.2949 50.5595 68.2408 55.2943 72.8818C56.5006 74.0643 57.3275 75.5792 57.6695 77.2335C58.0114 78.8878 57.8529 80.6064 57.2143 82.1703C56.5757 83.7342 55.4858 85.0726 54.0835 86.0146C52.6813 86.9566 51.0303 87.4596 49.3411 87.4596C47.6519 87.4596 46.0009 86.9566 44.5987 86.0146C43.1964 85.0726 42.1065 83.7342 41.4679 82.1703C40.8293 80.6064 40.6708 78.8878 41.0127 77.2335C41.3547 75.5792 42.1817 74.0643 43.3881 72.8818L25.9765 55.1185C21.2418 59.7595 17.9964 65.7053 16.6542 72.198C15.312 78.6908 15.9338 85.4362 18.4403 91.5741C20.9469 97.712 25.2245 102.964 30.7279 106.662C36.2313 110.359 42.7111 112.333 49.3411 112.333C55.9711 112.333 62.4509 110.359 67.9543 106.662C73.4577 102.964 77.7355 97.712 80.242 91.5741C82.7485 85.4362 83.3703 78.6908 82.0281 72.198C80.686 65.7054 77.4406 59.7595 72.7058 55.1185C71.4995 53.936 70.6725 52.421 70.3305 50.7667C69.9885 49.1124 70.147 47.3938 70.7857 45.8299C71.4243 44.266 72.5142 42.9278 73.9164 41.9858C75.3186 41.0438 76.9696 40.5406 78.6589 40.5406C80.3481 40.5406 81.9991 41.0438 83.4013 41.9858C84.8035 42.9278 85.8934 44.266 86.5321 45.8299C87.1707 47.3938 87.3292 49.1124 86.9872 50.7667C86.6452 52.421 85.8184 53.936 84.6121 55.1185L102.024 72.8818C106.758 68.2408 110.004 62.2949 111.346 55.8021C112.688 49.3095 112.066 42.5642 109.56 36.4262C107.053 30.2883 102.775 25.0359 97.272 21.3387C91.7686 17.6415 85.2889 15.667 78.6589 15.667Z" fill="#985DF7" style="fill:#985DF7;fill:color(display-p3 0.5961 0.3647 0.9686);fill-opacity:1;"></path></symbol><symbol viewBox="0 0 128 128" fill="none" id="icon-b"><path d="M10.6543 16.9379L117.346 16.9379L64 111.062L10.6543 16.9379ZM76.4743 40.753L51.5258 40.753L64.0002 62.7631L76.4743 40.753Z" fill="#F7C558" style="fill:#F7C558;fill:color(display-p3 0.9686 0.7712 0.3451);fill-opacity:1;"></path></symbol><symbol viewBox="0 0 128 128" fill="none" id="icon-d"><path d="M116.394 52.0171L96.3811 114.761H31.6189L11.6064 52.0171L64.0001 13.2393L116.394 52.0171ZM42.3624 61.952L50.8233 88.478H77.1769L85.6375 61.9519L63.9999 45.9376L42.3624 61.952Z" fill="#58BAF7" style="fill:#58BAF7;fill:color(display-p3 0.3451 0.7294 0.9686);fill-opacity:1;"></path></symbol></svg>"`;
