// Vitest Snapshot v1, https://vitest.dev/guide/snapshot.html

exports[`generates an enum spritesheet type > matches expected snapshot 1`] = `
"/**
 * WARN: Do not edit this file. It was generated from \`vite.config.ts\`.
 */

export enum IconName {
  A = "icon-a",
  B = "icon-b",
}"
`;

exports[`generates an string union spritesheet type > matches expected snapshot 1`] = `
"/**
 * WARN: Do not edit this file. It was generated from \`vite.config.ts\`.
 */

export type IconName =
  | "icon-a"
  | "icon-b";"
`;
